[    0.000000] Initializing cgroup subsys cpuset
[    0.000000] Initializing cgroup subsys cpu
[    0.000000] Initializing cgroup subsys cpuacct
[    0.000000] Linux version 4.4.0-89-generic (buildd@lgw01-18) (gcc version 5.4.0 20160609 (Ubuntu 5.4.0-6ubuntu1~16.04.4) ) #112-Ubuntu SMP Mon Jul 31 19:38:41 UTC 2017 (Ubuntu 4.4.0-89.112-generic 4.4.76)
[    0.000000] Command line: BOOT_IMAGE=/boot/vmlinuz-4.4.0-89-generic root=LABEL=cloudimg-rootfs ro console=tty1 console=ttyS0
[    0.000000] KERNEL supported cpus:
[    0.000000]   Intel GenuineIntel
[    0.000000]   AMD AuthenticAMD
[    0.000000]   Centaur CentaurHauls
[    0.000000] ------------[ cut here ]------------
[    0.000000] WARNING: CPU: 0 PID: 0 at /build/linux-YaBj6t/linux-4.4.0/arch/x86/kernel/fpu/xstate.c:517 fpu__init_system_xstate+0x38b/0x75a()
[    0.000000] XSAVE consistency problem, dumping leaves
[    0.000000] Modules linked in:
[    0.000000] CPU: 0 PID: 0 Comm: swapper Not tainted 4.4.0-89-generic #112-Ubuntu
[    0.000000]  0000000000000086 fa2446670b2b94e6 ffffffff81e03d80 ffffffff813f9c83
[    0.000000]  ffffffff81e03dc8 ffffffff81caa208 ffffffff81e03db8 ffffffff81081312
[    0.000000]  ffffffff81e03e48 ffffffff81e03e4c 0000000000000008 0000000000000100
[    0.000000] Call Trace:
[    0.000000]  [<ffffffff813f9c83>] dump_stack+0x63/0x90
[    0.000000]  [<ffffffff81081312>] warn_slowpath_common+0x82/0xc0
[    0.000000]  [<ffffffff810813ac>] warn_slowpath_fmt+0x5c/0x80
[    0.000000]  [<ffffffff8107d020>] ? xfeature_size+0x59/0x77
[    0.000000]  [<ffffffff81f6d206>] fpu__init_system_xstate+0x38b/0x75a
[    0.000000]  [<ffffffff81f5d120>] ? early_idt_handler_array+0x120/0x120
[    0.000000]  [<ffffffff81f6cb71>] fpu__init_system+0x10d/0x245
[    0.000000]  [<ffffffff81f6dc7a>] early_cpu_init+0x139/0x13e
[    0.000000]  [<ffffffff81f6dc7a>] ? early_cpu_init+0x139/0x13e
[    0.000000]  [<ffffffff81f69181>] setup_arch+0xb4/0xcf1
[    0.000000]  [<ffffffff81f5d120>] ? early_idt_handler_array+0x120/0x120
[    0.000000]  [<ffffffff81f5dc74>] start_kernel+0xe4/0x4a2
[    0.000000]  [<ffffffff81f5d120>] ? early_idt_handler_array+0x120/0x120
[    0.000000]  [<ffffffff81f5d339>] x86_64_start_reservations+0x2a/0x2c
[    0.000000]  [<ffffffff81f5d485>] x86_64_start_kernel+0x14a/0x16d
[    0.000000] ---[ end trace 4d5ff9f2f68c4233 ]---
[    0.000000] CPUID[0d, 00]: eax=00000007 ebx=00000440 ecx=00000440 edx=00000000
[    0.000000] CPUID[0d, 01]: eax=00000000 ebx=000003c0 ecx=00000000 edx=00000000
[    0.000000] CPUID[0d, 02]: eax=00000100 ebx=00000240 ecx=00000000 edx=00000000
[    0.000000] CPUID[0d, 03]: eax=00000000 ebx=00000000 ecx=00000000 edx=00000000
[    0.000000] CPUID[0d, 04]: eax=00000000 ebx=00000000 ecx=00000000 edx=00000000
[    0.000000] CPUID[0d, 05]: eax=00000000 ebx=00000000 ecx=00000000 edx=00000000
[    0.000000] CPUID[0d, 06]: eax=00000000 ebx=00000000 ecx=00000000 edx=00000000
[    0.000000] CPUID[0d, 07]: eax=00000000 ebx=00000000 ecx=00000000 edx=00000000
[    0.000000] CPUID[0d, 08]: eax=00000000 ebx=00000000 ecx=00000000 edx=00000000
[    0.000000] CPUID[0d, 09]: eax=00000000 ebx=00000000 ecx=00000000 edx=00000000
[    0.000000] CPUID[0d, 0a]: eax=00000000 ebx=00000000 ecx=00000000 edx=00000000
[    0.000000] CPUID[0d, 0b]: eax=00000000 ebx=00000000 ecx=00000000 edx=00000000
[    0.000000] CPUID[0d, 0c]: eax=00000000 ebx=00000000 ecx=00000000 edx=00000000
[    0.000000] CPUID[0d, 0d]: eax=00000000 ebx=00000000 ecx=00000000 edx=00000000
[    0.000000] CPUID[0d, 0e]: eax=00000000 ebx=00000000 ecx=00000000 edx=00000000
[    0.000000] CPUID[0d, 0f]: eax=00000000 ebx=00000000 ecx=00000000 edx=00000000
[    0.000000] CPUID[0d, 10]: eax=00000000 ebx=00000000 ecx=00000000 edx=00000000
[    0.000000] CPUID[0d, 11]: eax=00000000 ebx=00000000 ecx=00000000 edx=00000000
[    0.000000] x86/fpu: xstate_offset[2]:  576, xstate_sizes[2]:  256
[    0.000000] x86/fpu: Supporting XSAVE feature 0x01: 'x87 floating point registers'
[    0.000000] x86/fpu: Supporting XSAVE feature 0x02: 'SSE registers'
[    0.000000] x86/fpu: Supporting XSAVE feature 0x04: 'AVX registers'
[    0.000000] x86/fpu: Enabled xstate features 0x7, context size is 1088 bytes, using 'standard' format.
[    0.000000] x86/fpu: Using 'lazy' FPU context switches.
[    0.000000] e820: BIOS-provided physical RAM map:
[    0.000000] BIOS-e820: [mem 0x0000000000000000-0x000000000009fbff] usable
[    0.000000] BIOS-e820: [mem 0x000000000009fc00-0x000000000009ffff] reserved
[    0.000000] BIOS-e820: [mem 0x00000000000f0000-0x00000000000fffff] reserved
[    0.000000] BIOS-e820: [mem 0x0000000000100000-0x000000003ffeffff] usable
[    0.000000] BIOS-e820: [mem 0x000000003fff0000-0x000000003fffffff] ACPI data
[    0.000000] BIOS-e820: [mem 0x00000000fec00000-0x00000000fec00fff] reserved
[    0.000000] BIOS-e820: [mem 0x00000000fee00000-0x00000000fee00fff] reserved
[    0.000000] BIOS-e820: [mem 0x00000000fffc0000-0x00000000ffffffff] reserved
[    0.000000] NX (Execute Disable) protection: active
[    0.000000] SMBIOS 2.5 present.
[    0.000000] Hypervisor detected: KVM
[    0.000000] e820: last_pfn = 0x3fff0 max_arch_pfn = 0x400000000
[    0.000000] MTRR: Disabled
[    0.000000] x86/PAT: MTRRs disabled, skipping PAT initialization too.
[    0.000000] x86/PAT: Configuration [0-7]: WB  WT  UC- UC  WB  WT  UC- UC  
[    0.000000] CPU MTRRs all blank - virtualized system.
[    0.000000] found SMP MP-table at [mem 0x0009fff0-0x0009ffff] mapped at [ffff88000009fff0]
[    0.000000] Scanning 1 areas for low memory corruption
[    0.000000] RAMDISK: [mem 0x36ac4000-0x37559fff]
[    0.000000] ACPI: Early table checksum verification disabled
[    0.000000] ACPI: RSDP 0x00000000000E0000 000024 (v02 VBOX  )
[    0.000000] ACPI: XSDT 0x000000003FFF0030 00003C (v01 VBOX   VBOXXSDT 00000001 ASL  00000061)
[    0.000000] ACPI: FACP 0x000000003FFF00F0 0000F4 (v04 VBOX   VBOXFACP 00000001 ASL  00000061)
[    0.000000] ACPI: DSDT 0x000000003FFF0470 0021C8 (v02 VBOX   VBOXBIOS 00000002 INTL 20100528)
[    0.000000] ACPI: FACS 0x000000003FFF0200 000040
[    0.000000] ACPI: FACS 0x000000003FFF0200 000040
[    0.000000] ACPI: APIC 0x000000003FFF0240 00005C (v02 VBOX   VBOXAPIC 00000001 ASL  00000061)
[    0.000000] ACPI: SSDT 0x000000003FFF02A0 0001CC (v01 VBOX   VBOXCPUT 00000002 INTL 20100528)
[    0.000000] No NUMA configuration found
[    0.000000] Faking a node at [mem 0x0000000000000000-0x000000003ffeffff]
[    0.000000] NODE_DATA(0) allocated [mem 0x3ffeb000-0x3ffeffff]
[    0.000000] kvm-clock: Using msrs 4b564d01 and 4b564d00
[    0.000000] kvm-clock: cpu 0, msr 0:3ffe3001, primary cpu clock
[    0.000000] kvm-clock: using sched offset of 3360271263 cycles
[    0.000000] clocksource: kvm-clock: mask: 0xffffffffffffffff max_cycles: 0x1cd42e4dffb, max_idle_ns: 881590591483 ns
[    0.000000] Zone ranges:
[    0.000000]   DMA      [mem 0x0000000000001000-0x0000000000ffffff]
[    0.000000]   DMA32    [mem 0x0000000001000000-0x000000003ffeffff]
[    0.000000]   Normal   empty
[    0.000000]   Device   empty
[    0.000000] Movable zone start for each node
[    0.000000] Early memory node ranges
[    0.000000]   node   0: [mem 0x0000000000001000-0x000000000009efff]
[    0.000000]   node   0: [mem 0x0000000000100000-0x000000003ffeffff]
[    0.000000] Initmem setup node 0 [mem 0x0000000000001000-0x000000003ffeffff]
[    0.000000] ACPI: PM-Timer IO Port: 0x4008
[    0.000000] IOAPIC[0]: apic_id 2, version 32, address 0xfec00000, GSI 0-23
[    0.000000] ACPI: INT_SRC_OVR (bus 0 bus_irq 0 global_irq 2 dfl dfl)
[    0.000000] ACPI: INT_SRC_OVR (bus 0 bus_irq 9 global_irq 9 high level)
[    0.000000] Using ACPI (MADT) for SMP configuration information
[    0.000000] smpboot: Allowing 2 CPUs, 0 hotplug CPUs
[    0.000000] PM: Registered nosave memory: [mem 0x00000000-0x00000fff]
[    0.000000] PM: Registered nosave memory: [mem 0x0009f000-0x0009ffff]
[    0.000000] PM: Registered nosave memory: [mem 0x000a0000-0x000effff]
[    0.000000] PM: Registered nosave memory: [mem 0x000f0000-0x000fffff]
[    0.000000] e820: [mem 0x40000000-0xfebfffff] available for PCI devices
[    0.000000] Booting paravirtualized kernel on KVM
[    0.000000] clocksource: refined-jiffies: mask: 0xffffffff max_cycles: 0xffffffff, max_idle_ns: 7645519600211568 ns
[    0.000000] setup_percpu: NR_CPUS:512 nr_cpumask_bits:512 nr_cpu_ids:2 nr_node_ids:1
[    0.000000] PERCPU: Embedded 33 pages/cpu @ffff88003fc00000 s98264 r8192 d28712 u1048576
[    0.000000] PV qspinlock hash table entries: 256 (order: 0, 4096 bytes)
[    0.000000] Built 1 zonelists in Node order, mobility grouping on.  Total pages: 257913
[    0.000000] Policy zone: DMA32
[    0.000000] Kernel command line: BOOT_IMAGE=/boot/vmlinuz-4.4.0-89-generic root=LABEL=cloudimg-rootfs ro console=tty1 console=ttyS0
[    0.000000] PID hash table entries: 4096 (order: 3, 32768 bytes)
[    0.000000] Memory: 1001736K/1048120K available (8474K kernel code, 1294K rwdata, 3984K rodata, 1488K init, 1316K bss, 46384K reserved, 0K cma-reserved)
[    0.000000] SLUB: HWalign=64, Order=0-3, MinObjects=0, CPUs=2, Nodes=1
[    0.000000] Hierarchical RCU implementation.
[    0.000000] 	Build-time adjustment of leaf fanout to 64.
[    0.000000] 	RCU restricting CPUs from NR_CPUS=512 to nr_cpu_ids=2.
[    0.000000] RCU: Adjusting geometry for rcu_fanout_leaf=64, nr_cpu_ids=2
[    0.000000] NR_IRQS:33024 nr_irqs:440 16
[    0.000000] Console: colour VGA+ 80x25
[    0.000000] console [tty1] enabled
[    0.000000] console [ttyS0] enabled
[    0.000000] tsc: Detected 1512.000 MHz processor
[    4.174072] Calibrating delay loop (skipped) preset value.. 3024.00 BogoMIPS (lpj=6048000)
[    4.181865] pid_max: default: 32768 minimum: 301
[    4.200933] ACPI: Core revision 20150930
[    4.203834] ACPI: 2 ACPI AML tables successfully acquired and loaded
[    4.211680] Security Framework initialized
[    4.238766] Yama: becoming mindful.
[    4.270835] AppArmor: AppArmor initialized
[    4.272022] Dentry cache hash table entries: 131072 (order: 8, 1048576 bytes)
[    4.279720] Inode-cache hash table entries: 65536 (order: 7, 524288 bytes)
[    4.311741] Mount-cache hash table entries: 2048 (order: 2, 16384 bytes)
[    4.317797] Mountpoint-cache hash table entries: 2048 (order: 2, 16384 bytes)
[    4.348451] Initializing cgroup subsys io
[    4.357021] Initializing cgroup subsys memory
[    4.358324] Initializing cgroup subsys devices
[    4.393911] Initializing cgroup subsys freezer
[    4.426065] Initializing cgroup subsys net_cls
[    4.467084] Initializing cgroup subsys perf_event
[    4.498364] Initializing cgroup subsys net_prio
[    4.538781] Initializing cgroup subsys hugetlb
[    4.539919] Initializing cgroup subsys pids
[    4.541128] CPU: Physical Processor ID: 0
[    4.545317] CPU: Processor Core ID: 0
[    4.551843] mce: CPU supports 0 MCE banks
[    4.586807] Last level iTLB entries: 4KB 64, 2MB 8, 4MB 8
[    4.588107] Last level dTLB entries: 4KB 64, 2MB 0, 4MB 0, 1GB 4
[    4.592106] Freeing SMP alternatives memory: 32K (ffffffff820b9000 - ffffffff820c1000)
[    4.625284] ftrace: allocating 32131 entries in 126 pages
[    4.737303] smpboot: APIC(0) Converting physical 0 to logical package 0
[    4.761459] smpboot: Max logical packages: 1
[    4.762933] x2apic enabled
[    4.764029] Switched APIC routing to physical x2apic.
[    4.766736] ..TIMER: vector=0x30 apic1=0 pin1=2 apic2=-1 pin2=-1
[    4.893623] smpboot: CPU0: Intel(R) Core(TM) m5-6Y57 CPU @ 1.10GHz (family: 0x6, model: 0x4e, stepping: 0x3)
[    5.016287] Performance Events: unsupported p6 CPU model 78 no PMU driver, software events only.
[    5.031226] KVM setup paravirtual spinlock
[    5.066031] x86: Booting SMP configuration:
[    5.128831] .... node  #0, CPUs:      #1
[    5.164685] kvm-clock: cpu 1, msr 0:3ffe3041, secondary cpu clock
[    5.182046] mce: CPU supports 0 MCE banks
[    5.186685] x86: Booted up 1 node, 2 CPUs
[    5.221738] smpboot: Total of 2 processors activated (6048.00 BogoMIPS)
[    5.240182] devtmpfs: initialized
[    5.249394] evm: security.selinux
[    5.265314] evm: security.SMACK64
[    5.301527] evm: security.SMACK64EXEC
[    5.311544] evm: security.SMACK64TRANSMUTE
[    5.354526] evm: security.SMACK64MMAP
[    5.355505] evm: security.ima
[    5.356362] evm: security.capability
[    5.360718] clocksource: jiffies: mask: 0xffffffff max_cycles: 0xffffffff, max_idle_ns: 7645041785100000 ns
[    5.366996] futex hash table entries: 512 (order: 3, 32768 bytes)
[    5.371120] pinctrl core: initialized pinctrl subsystem
[    5.380496] RTC time:  6:40:20, date: 08/19/17
[    5.389543] NET: Registered protocol family 16
[    5.403135] cpuidle: using governor ladder
[    5.422766] cpuidle: using governor menu
[    5.432667] PCCT header not found.
[    5.433905] ACPI: bus type PCI registered
[    5.442234] acpiphp: ACPI Hot Plug PCI Controller Driver version: 0.5
[    5.450523] PCI: Using configuration type 1 for base access
[    5.510969] ACPI: Added _OSI(Module Device)
[    5.540540] ACPI: Added _OSI(Processor Device)
[    5.571198] ACPI: Added _OSI(3.0 _SCP Extensions)
[    5.583725] ACPI: Added _OSI(Processor Aggregator Device)
[    5.649239] ACPI: Executed 1 blocks of module-level executable AML code
[    5.676519] ACPI: Interpreter enabled
[    5.679469] ACPI: (supports S0 S5)
[    5.681112] ACPI: Using IOAPIC for interrupt routing
[    5.682879] PCI: Using host bridge windows from ACPI; if necessary, use "pci=nocrs" and report a bug
[    5.692038] ACPI: PCI Root Bridge [PCI0] (domain 0000 [bus 00-ff])
[    5.704860] acpi PNP0A03:00: _OSC: OS supports [ASPM ClockPM Segments MSI]
[    5.717781] acpi PNP0A03:00: _OSC failed (AE_NOT_FOUND); disabling ASPM
[    5.730087] acpi PNP0A03:00: fail to add MMCONFIG information, can't access extended PCI configuration space under this bridge.
[    5.758602] PCI host bridge to bus 0000:00
[    5.765651] pci_bus 0000:00: root bus resource [io  0x0000-0x0cf7 window]
[    5.772379] pci_bus 0000:00: root bus resource [io  0x0d00-0xffff window]
[    5.774790] pci_bus 0000:00: root bus resource [mem 0x000a0000-0x000bffff window]
[    5.776702] pci_bus 0000:00: root bus resource [mem 0x40000000-0xffdfffff window]
[    5.780216] pci_bus 0000:00: root bus resource [bus 00-ff]
[    5.794375] pci 0000:00:01.1: legacy IDE quirk: reg 0x10: [io  0x01f0-0x01f7]
[    5.797476] pci 0000:00:01.1: legacy IDE quirk: reg 0x14: [io  0x03f6]
[    5.799026] pci 0000:00:01.1: legacy IDE quirk: reg 0x18: [io  0x0170-0x0177]
[    5.800630] pci 0000:00:01.1: legacy IDE quirk: reg 0x1c: [io  0x0376]
[    5.821663] pci 0000:00:07.0: quirk: [io  0x4000-0x403f] claimed by PIIX4 ACPI
[    5.834407] pci 0000:00:07.0: quirk: [io  0x4100-0x410f] claimed by PIIX4 SMB
[    5.867757] ACPI: PCI Interrupt Link [LNKA] (IRQs 5 9 10 *11)
[    5.877968] ACPI: PCI Interrupt Link [LNKB] (IRQs 5 9 10 *11)
[    5.898369] ACPI: PCI Interrupt Link [LNKC] (IRQs 5 9 *10 11)
[    5.901420] ACPI: PCI Interrupt Link [LNKD] (IRQs 5 *9 10 11)
[    5.917125] ACPI: Enabled 2 GPEs in block 00 to 07
[    5.968235] vgaarb: setting as boot device: PCI:0000:00:02.0
[    5.983266] vgaarb: device added: PCI:0000:00:02.0,decodes=io+mem,owns=io+mem,locks=none
[    6.057814] vgaarb: loaded
[    6.069343] vgaarb: bridge control possible 0000:00:02.0
[    6.075724] SCSI subsystem initialized
[    6.079158] ACPI: bus type USB registered
[    6.081761] usbcore: registered new interface driver usbfs
[    6.083344] usbcore: registered new interface driver hub
[    6.090355] usbcore: registered new device driver usb
[    6.111400] PCI: Using ACPI for IRQ routing
[    6.150991] NetLabel: Initializing
[    6.152427] NetLabel:  domain hash size = 128
[    6.157625] NetLabel:  protocols = UNLABELED CIPSOv4
[    6.187880] NetLabel:  unlabeled traffic allowed by default
[    6.214189] amd_nb: Cannot enumerate AMD northbridges
[    6.232926] clocksource: Switched to clocksource kvm-clock
[    6.259767] AppArmor: AppArmor Filesystem Enabled
[    6.332708] pnp: PnP ACPI init
[    6.334583] pnp: PnP ACPI: found 3 devices
[    6.441202] clocksource: acpi_pm: mask: 0xffffff max_cycles: 0xffffff, max_idle_ns: 2085701024 ns
[    6.561067] NET: Registered protocol family 2
[    6.571161] TCP established hash table entries: 8192 (order: 4, 65536 bytes)
[    6.733325] TCP bind hash table entries: 8192 (order: 5, 131072 bytes)
[    6.864463] TCP: Hash tables configured (established 8192 bind 8192)
[    7.010887] UDP hash table entries: 512 (order: 2, 16384 bytes)
[    7.129867] UDP-Lite hash table entries: 512 (order: 2, 16384 bytes)
[    7.239309] NET: Registered protocol family 1
[    7.349711] pci 0000:00:00.0: Limiting direct PCI/PCI transfers
[    7.462499] pci 0000:00:01.0: Activating ISA DMA hang workarounds
[    7.529902] Unpacking initramfs...
[    9.594420] Freeing initrd memory: 10840K (ffff880036ac4000 - ffff88003755a000)
[    9.650730] platform rtc_cmos: registered platform RTC device (no PNP device found)
[    9.657476] Scanning for low memory corruption every 60 seconds
[    9.674775] audit: initializing netlink subsys (disabled)
[    9.683436] audit: type=2000 audit(1503124824.188:1): initialized
[    9.690800] Initialise system trusted keyring
[    9.722992] HugeTLB registered 2 MB page size, pre-allocated 0 pages
[    9.792505] zbud: loaded
[    9.816082] VFS: Disk quotas dquot_6.6.0
[    9.882638] VFS: Dquot-cache hash table entries: 512 (order 0, 4096 bytes)
[   10.006447] squashfs: version 4.0 (2009/01/31) Phillip Lougher
[   10.084430] fuse init (API version 7.23)
[   10.139702] Key type big_key registered
[   10.194290] Allocating IMA MOK and blacklist keyrings.
[   10.199333] Key type asymmetric registered
[   10.202694] Asymmetric key parser 'x509' registered
[   10.205211] Block layer SCSI generic (bsg) driver version 0.4 loaded (major 249)
[   10.207364] io scheduler noop registered
[   10.211048] io scheduler deadline registered (default)
[   10.213565] io scheduler cfq registered
[   10.216910] pci_hotplug: PCI Hot Plug PCI Core version: 0.5
[   10.220545] pciehp: PCI Express Hot Plug Controller Driver version: 0.4
[   10.224991] ACPI: AC Adapter [AC] (on-line)
[   10.232819] input: Power Button as /devices/LNXSYSTM:00/LNXPWRBN:00/input/input0
[   10.236019] ACPI: Power Button [PWRF]
[   10.239473] input: Sleep Button as /devices/LNXSYSTM:00/LNXSLPBN:00/input/input1
[   10.247615] ACPI: Sleep Button [SLPF]
[   10.255570] ACPI: Battery Slot [BAT0] (battery present)
[   10.303863] GHES: HEST is not enabled!
[   10.342554] Serial: 8250/16550 driver, 32 ports, IRQ sharing enabled
[   10.440200] 00:02: ttyS0 at I/O 0x3f8 (irq = 4, base_baud = 115200) is a 16550A
[   10.545136] Linux agpgart interface v0.103
[   10.640136] loop: module loaded
[   10.705317] tsc: Refined TSC clocksource calibration: 1511.839 MHz
[   10.709953] clocksource: tsc: mask: 0xffffffffffffffff max_cycles: 0x15cad28825d, max_idle_ns: 440795253592 ns
[   10.804280] scsi host0: ata_piix
[   10.832256] scsi host1: ata_piix
[   10.835365] ata1: PATA max UDMA/33 cmd 0x1f0 ctl 0x3f6 bmdma 0xd000 irq 14
[   10.840665] ata2: PATA max UDMA/33 cmd 0x170 ctl 0x376 bmdma 0xd008 irq 15
[   10.842986] libphy: Fixed MDIO Bus: probed
[   10.846081] tun: Universal TUN/TAP device driver, 1.6
[   10.880321] tun: (C) 1999-2004 Max Krasnyansky <maxk@qualcomm.com>
[   10.995671] PPP generic driver version 2.4.2
[   11.061240] ehci_hcd: USB 2.0 'Enhanced' Host Controller (EHCI) Driver
[   11.131515] ehci-pci: EHCI PCI platform driver
[   11.183454] ehci-platform: EHCI generic platform driver
[   11.309287] ohci_hcd: USB 1.1 'Open' Host Controller (OHCI) Driver
[   11.453969] ohci-pci: OHCI PCI platform driver
[   11.546509] ohci-platform: OHCI generic platform driver
[   11.670518] uhci_hcd: USB Universal Host Controller Interface driver
[   11.764420] i8042: PNP: PS/2 Controller [PNP0303:PS2K,PNP0f03:PS2M] at 0x60,0x64 irq 1,12
[   11.791923] serio: i8042 KBD port at 0x60,0x64 irq 1
[   11.862141] serio: i8042 AUX port at 0x60,0x64 irq 12
[   11.863515] mousedev: PS/2 mouse device common for all mice
[   11.865288] input: AT Translated Set 2 keyboard as /devices/platform/i8042/serio0/input/input2
[   11.870809] rtc_cmos rtc_cmos: rtc core: registered rtc_cmos as rtc0
[   11.941463] rtc_cmos rtc_cmos: alarms up to one day, 114 bytes nvram
[   12.005441] i2c /dev entries driver
[   12.064480] device-mapper: uevent: version 1.0.3
[   12.073279] device-mapper: ioctl: 4.34.0-ioctl (2015-10-28) initialised: dm-devel@redhat.com
[   12.162318] ledtrig-cpu: registered to indicate activity on CPUs
[   12.234416] NET: Registered protocol family 10
[   12.267587] NET: Registered protocol family 17
[   12.307501] Key type dns_resolver registered
[   12.327669] microcode: CPU0 sig=0x406e3, pf=0x2, revision=0x0
[   12.395501] microcode: CPU1 sig=0x406e3, pf=0x2, revision=0x0
[   12.396991] microcode: Microcode Update Driver: v2.01 <tigran@aivazian.fsnet.co.uk>, Peter Oruba
[   12.423374] registered taskstats version 1
[   12.441739] Loading compiled-in X.509 certificates
[   12.443634] Loaded X.509 cert 'Build time autogenerated kernel key: 420a71e958a947963108b13c1c2e45412a03ca90'
[   12.575941] zswap: loaded using pool lzo/zbud
[   12.632697] Key type trusted registered
[   12.649980] Key type encrypted registered
[   12.699826] AppArmor: AppArmor sha1 policy hashing enabled
[   12.745600] ima: No TPM chip found, activating TPM-bypass!
[   12.812084] evm: HMAC attrs: 0x1
[   12.846597]   Magic number: 13:207:671
[   12.893309] rtc_cmos rtc_cmos: setting system clock to 2017-08-19 06:40:28 UTC (1503124828)
[   12.999965] BIOS EDD facility v0.16 2004-Jun-25, 0 devices found
[   13.069975] EDD information not available.
[   13.126214] Freeing unused kernel memory: 1488K (ffffffff81f45000 - ffffffff820b9000)
[   13.208155] Write protecting the kernel read-only data: 14336k
[   13.281297] Freeing unused kernel memory: 1752K (ffff88000184a000 - ffff880001a00000)
[   13.379245] Freeing unused kernel memory: 112K (ffff880001de4000 - ffff880001e00000)
Loading, please [   13.476228] random: systemd-udevd: uninitialized urandom read (16 bytes read, 5 bits of entropy available)
wait...
startin[   13.476791] random: udevadm: uninitialized urandom read (16 bytes read, 5 bits of entropy available)
g version 229
[   13.476829] random: udevadm: uninitialized urandom read (16 bytes read, 5 bits of entropy available)
[   13.477006] random: udevadm: uninitialized urandom read (16 bytes read, 5 bits of entropy available)
[   13.477052] random: udevadm: uninitialized urandom read (16 bytes read, 5 bits of entropy available)
[   13.477094] random: udevadm: uninitialized urandom read (16 bytes read, 5 bits of entropy available)
[   13.477155] random: udevadm: uninitialized urandom read (16 bytes read, 5 bits of entropy available)
[   13.477199] random: udevadm: uninitialized urandom read (16 bytes read, 5 bits of entropy available)
[   13.477239] random: udevadm: uninitialized urandom read (16 bytes read, 5 bits of entropy available)
[   13.477277] random: udevadm: uninitialized urandom read (16 bytes read, 5 bits of entropy available)
[   14.266959] e1000: Intel(R) PRO/1000 Network Driver - version 7.3.21-k8-NAPI
[   14.280374] e1000: Copyright (c) 1999-2006 Intel Corporation.
[   14.287738] Fusion MPT base driver 3.04.20
[   14.291658] Copyright (c) 1999-2008 LSI Corporation
[   14.298218] Fusion MPT SPI Host driver 3.04.20
[   14.344773] AVX version of gcm_enc/dec engaged.
[   14.353638] AES CTR mode by8 optimization enabled
[   14.545179] input: ImExPS/2 Generic Explorer Mouse as /devices/platform/i8042/serio1/input/input4
[   14.802672] e1000 0000:00:03.0 eth0: (PCI:33MHz:32-bit) 02:c0:e2:3c:71:11
[   14.916407] e1000 0000:00:03.0 eth0: Intel(R) PRO/1000 Network Connection
[   15.285538] e1000 0000:00:08.0 eth1: (PCI:33MHz:32-bit) 08:00:27:eb:cc:9b
[   15.358924] e1000 0000:00:08.0 eth1: Intel(R) PRO/1000 Network Connection
[   15.422871] mptbase: ioc0: Initiating bringup
[   15.423170] e1000 0000:00:08.0 enp0s8: renamed from eth1
[   15.491362] e1000 0000:00:03.0 enp0s3: renamed from eth0
[   15.549781] ioc0: LSI53C1030 A0: Capabilities={Initiator}
[   15.844707] scsi host2: ioc0: LSI53C1030 A0, FwRev=00000000h, Ports=1, MaxQ=256, IRQ=20
[   16.098204] scsi 2:0:0:0: Direct-Access     VBOX     HARDDISK         1.0  PQ: 0 ANSI: 5
[   16.173978] scsi target2:0:0: Beginning Domain Validation
[   16.254560] scsi target2:0:0: Domain Validation skipping write tests
[   16.290286] scsi target2:0:0: Ending Domain Validation
[   16.347844] scsi target2:0:0: asynchronous
[   16.383448] scsi 2:0:1:0: Direct-Access     VBOX     HARDDISK         1.0  PQ: 0 ANSI: 5
[   16.387576] scsi target2:0:1: Beginning Domain Validation
[   16.391878] scsi target2:0:1: Domain Validation skipping write tests
[   16.396371] scsi target2:0:1: Ending Domain Validation
[   16.398007] scsi target2:0:1: asynchronous
[   16.412277] sd 2:0:0:0: [sda] 20971520 512-byte logical blocks: (10.7 GB/10.0 GiB)
[   16.412464] sd 2:0:0:0: Attached scsi generic sg0 type 0
[   16.432417] sd 2:0:0:0: [sda] Write Protect is off
[   16.434284] sd 2:0:1:0: Attached scsi generic sg1 type 0
[   16.434285] sd 2:0:1:0: [sdb] 20480 512-byte logical blocks: (10.5 MB/10.0 MiB)
[   16.434421] sd 2:0:0:0: [sda] Incomplete mode parameter data
[   16.434422] sd 2:0:0:0: [sda] Assuming drive cache: write through
[   16.434469] sd 2:0:1:0: [sdb] Write Protect is off
[   16.434615] sd 2:0:1:0: [sdb] Incomplete mode parameter data
[   16.434617] sd 2:0:1:0: [sdb] Assuming drive cache: write through
[   16.437317]  sda: sda1
[   16.438498] sd 2:0:0:0: [sda] Attached SCSI disk
[   16.438592] sd 2:0:1:0: [sdb] Attached SCSI disk
[   17.393751] floppy0: no floppy controllers found
Begin: Loading e[   18.814309] md: linear personality registered for level -1
ssential drivers[   18.893792] md: multipath personality registered for level -4
 ... [   18.985043] md: raid0 personality registered for level 0
[   19.064463] md: raid1 personality registered for level 1
[   19.185601] raid6: sse2x1   gen()  6505 MB/s
[   19.285023] raid6: sse2x1   xor()  4082 MB/s
[   19.381261] raid6: sse2x2   gen()  8973 MB/s
[   19.489281] raid6: sse2x2   xor()  6071 MB/s
[   19.577059] raid6: sse2x4   gen() 10047 MB/s
[   19.680968] raid6: sse2x4   xor()  7000 MB/s
[   19.745208] raid6: using algorithm sse2x4 gen() 10047 MB/s
[   19.784013] raid6: .... xor() 7000 MB/s, rmw enabled
[   19.846587] raid6: using ssse3x2 recovery algorithm
[   19.897188] xor: automatically using best checksumming function:
[   20.008953]    avx       : 15629.000 MB/sec
[   20.060185] async_tx: api initialized (async)
[   20.095559] md: raid6 personality registered for level 6
[   20.169784] md: raid5 personality registered for level 5
[   20.216344] md: raid4 personality registered for level 4
[   20.286690] md: raid10 personality registered for level 10
done.
Begin: Running /scripts/init-premount ... done.
Begin: Mounting[   20.357605] Btrfs loaded
 root file system ... Begin: Running /scripts/local-top ... done.
Begin: Running /scripts/local-premount ... Scanning for Btrfs filesystems
done.
Warning: fsck no[   20.428138] EXT4-fs (sda1): mounted filesystem with ordered data mode. Opts: (null)
t present, so skipping root file system
done.
Begin: Running /scripts/local-bottom ... done.
Begin: Running /scripts/init-bottom ... done.
[   20.607636] systemd[1]: systemd 229 running in system mode. (+PAM +AUDIT +SELINUX +IMA +APPARMOR +SMACK +SYSVINIT +UTMP +LIBCRYPTSETUP +GCRYPT +GNUTLS +ACL +XZ -LZ4 +SECCOMP +BLKID +ELFUTILS +KMOD -IDN)
[   20.863924] systemd[1]: Detected virtualization oracle.
[   20.915962] systemd[1]: Detected architecture x86-64.

Welcome to [1mUbuntu 16.04.3 LTS[0m!

[   21.035864] systemd[1]: Set hostname to <ubuntu>.
[   21.087682] systemd[1]: Initializing machine ID from random generator.
[   21.195011] systemd[1]: Installed transient /etc/machine-id file.
[   21.430801] systemd[1]: Reached target Swap.
[[0;32m  OK  [0m] Reached targ[   21.484682] random: nonblocking pool is initialized
et Swap.
[   21.634836] systemd[1]: Created slice User and Session Slice.
[[0;32m  OK  [0m] Created slice User and Session Slice.
[   21.781969] systemd[1]: Listening on udev Kernel Socket.
[[0;32m  OK  [0m] Listening on udev Kernel Socket.
[   21.910018] systemd[1]: Listening on LVM2 metadata daemon socket.
[[0;32m  OK  [0m] Listening on LVM2 metadata daemon socket.
[   22.001838] systemd[1]: Listening on udev Control Socket.
[[0;32m  OK  [0m] Listening on udev Control Socket.
[   22.133710] systemd[1]: Created slice System Slice.
[[0;32m  OK  [0m] Created slice System Slice.
[   22.284308] systemd[1]: Reached target Slices.
[[0;32m  OK  [0m] Reached target Slices.
[   22.381337] systemd[1]: Listening on Journal Socket.
[[0;32m  OK  [0m] Listening on Journal Socket.
[   22.453772] systemd[1]: Starting Load Kernel Modules...
         [   22.466428] Loading iSCSI transport class v2.0-870.
Starting Load Kernel Modules...[   22.527544] iscsi: registered transport (tcp)

[   22.562909] systemd[1]: Mounting POSIX Message Queue File System...
         Mounting POSIX Message Queue File Syste[   22.592118] iscsi: registered transport (iser)
m...
[   22.649615] systemd[1]: Starting Remount Root and Kernel File Systems...
[   22.653333] EXT4-fs (sda1): re-mounted. Opts: (null)
         Starting Remount Root and Kernel File Systems...
[   22.833148] systemd[1]: Reached target Encrypted Volumes.
[[0;32m  OK  [0m] Reached target Encrypted Volumes.
[   23.005979] systemd[1]: Mounting Huge Pages File System...
         Mounting Huge Pages File System...
[   23.085288] systemd[1]: Starting Nameserver information manager...
         Starting Nameserver information manager...
[   23.213367] systemd[1]: Listening on Device-mapper event daemon FIFOs.
[[0;32m  OK  [0m] Listening on Device-mapper event daemon FIFOs.
[   23.382467] systemd[1]: Starting Monitoring of LVM2 mirrors, snapshots etc. using dmeventd or progress polling...
         Starting Monitoring of LVM2 mirrors... dmeventd or progress polling...
[   23.467670] systemd[1]: Started Forward Password Requests to Wall Directory Watch.
[[0;32m  OK  [0m] Started Forward Password Requests to Wall Directory Watch.
[   23.521067] systemd[1]: Mounting Debug File System...
         Mounting Debug File System...
[   23.581654] systemd[1]: Starting Set console keymap...
         Starting Set console keymap...
[   23.677208] systemd[1]: Listening on Syslog Socket.
[[0;32m  OK  [0m] Listening on Syslog Socket.
[   23.761864] systemd[1]: Listening on LVM2 poll daemon socket.
[[0;32m  OK  [0m] Listening on LVM2 poll daemon socket.
[   23.933436] systemd[1]: Starting Create list of required static device nodes for the current kernel...
         Starting Create list of required st... nodes for the current kernel...
[   24.027999] systemd[1]: Listening on /dev/initctl Compatibility Named Pipe.
[[0;32m  OK  [0m] Listening on /dev/initctl Compatibility Named Pipe.
[   24.170117] systemd[1]: Set up automount Arbitrary Executable File Formats File System Automount Point.
[[0;32m  OK  [0m] Set up automount Arbitrary Executab...ats File System Automount Point.
[   24.337814] systemd[1]: Started Trigger resolvconf update for networkd DNS.
[[0;32m  OK  [0m] Started Trigger resolvconf update for networkd DNS.
[   24.484990] systemd[1]: Reached target User and Group Name Lookups.
[[0;32m  OK  [0m] Reached target User and Group Name Lookups.
[   24.577592] systemd[1]: Listening on Journal Socket (/dev/log).
[[0;32m  OK  [0m] Listening on Journal Socket (/dev/log).
[   24.634468] systemd[1]: Created slice system-serial\x2dgetty.slice.
[[0;32m  OK  [0m] Created slice system-serial\x2dgetty.slice.
[   24.677070] systemd[1]: Listening on Journal Audit Socket.
[[0;32m  OK  [0m] Listening on Journal Audit Socket.
[   24.697633] systemd[1]: Starting Uncomplicated firewall...
         Starting Uncomplicated firewall...
[   24.757747] systemd[1]: Starting Journal Service...
         Starting Journal Service...
[   24.846406] systemd[1]: Mounted POSIX Message Queue File System.
[[0;32m  OK  [0m] Mounted POSIX Message Queue File System.
[   24.969606] systemd[1]: Mounted Huge Pages File System.
[[0;32m  OK  [0m] Mounted Huge Pages File System.
[   25.113888] systemd[1]: Mounted Debug File System.
[[0;32m  OK  [0m] Mounted Debug File System.
[   25.229883] systemd[1]: Started Journal Service.
[[0;32m  OK  [0m] Started Journal Service.
[[0;32m  OK  [0m] Started Load Kernel Modules.
[[0;32m  OK  [0m] Started Remount Root and Kernel File Systems.
[[0;32m  OK  [0m] Started Set console keymap.
[[0;32m  OK  [0m] Started Create list of required sta...ce nodes for the current kernel.
[[0;32m  OK  [0m] Started Uncomplicated firewall.
[[0;32m  OK  [0m] Started Nameserver information manager.
[[0;32m  OK  [0m] Started LVM2 metadata daemon.
         Starting Create Static Device Nodes in /dev...
         Starting Initial cloud-init job (pre-networking)...
         Starting Load/Save Random Seed...
         Starting udev Coldplug all Devices...
         Mounting FUSE Control File System...
         Starting Apply Kernel Variables...
         Starting Flush Journal to Persistent Storage...
[[0;32m  OK  [0m] Mounted FUSE Control File System.
[[0;32m  OK  [0m] Started Monitoring of LVM2 mirrors,...ng dmeventd or progress polling.
[[0;32m  OK  [0m] Started Create Static Device Nodes in /dev.
[[0;32m  OK  [0m] Started Load/Save Random Seed.
[[0;32m  OK  [0m] Started Apply Kernel Variables.
[[0;32m  OK  [0m] Started udev Coldplug all Devices.
[[0;32m  OK  [0m] Started Flush Journal to Persistent Storage.
         Starting udev Kernel Device Manager...
[[0;32m  OK  [0m] Started udev Kernel Device Manager.
[[0;32m  OK  [0m] Started Dispatch Password Requests to Console Directory Watch.
[[0;32m  OK  [0m] Reached target Local File Systems (Pre).
[[0;32m  OK  [0m] Reached target Local File Systems.
         Starting Commit a transient machine-id on disk...
         Starting LSB: AppArmor initialization...
         Starting Set console font and keymap...
         Starting Create Volatile Files and Directories...
         Starting Tell Plymouth To Write Out Runtime Data...
[[0;32m  OK  [0m] Started Commit a transient machine-id on disk.
[[0;32m  OK  [0m] Started Create Volatile Files and Directories.
[[0;32m  OK  [0m] Started Tell Plymouth To Write Out Runtime Data.
[[0;32m  OK  [0m] Found device /dev/ttyS0.
         Starting Update UTMP about System Boot/Shutdown...
[[0;32m  OK  [0m] Reached target System Time Synchronized.
[[0;32m  OK  [0m] Started Update UTMP about System Boot/Shutdown.
[[0;32m  OK  [0m] Listening on Load/Save RF Kill Switch Status /dev/rfkill Watch.
[   21.653422] cloud-init[440]: Cloud-init v. 0.7.9 running 'init-local' at Sat, 19 Aug 2017 06:40:42 +0000. Up 21.02 seconds.
[[0;32m  OK  [0m] Started Initial cloud-init job (pre-networking).
[[0;32m  OK  [0m] Reached target Network (Pre).
[[0;32m  OK  [0m] Started LSB: AppArmor initialization.
         Starting Raise network interfaces...
[[0;32m  OK  [0m] Started Set console font and keymap.
[[0;32m  OK  [0m] Created slice system-getty.slice.
[[0;32m  OK  [0m] Started Raise network interfaces.
         Starting Initial cloud-init job (metadata service crawler)...
[[0;32m  OK  [0m] Reached target Network.
[   25.551623] cloud-init[942]: Cloud-init v. 0.7.9 running 'init' at Sat, 19 Aug 2017 06:40:45 +0000. Up 24.49 seconds.
[   25.660431] cloud-init[942]: ci-info: ++++++++++++++++++++++++++++++++++++++Net device info++++++++++++++++++++++++++++++++++++++
[   25.660921] cloud-init[942]: ci-info: +--------+-------+----------------------------+---------------+-------+-------------------+
[[0;32m  OK  [0m] Started Initial cloud-init job (metadata service crawler).
[   25.661078] cloud-init[942]: ci-info: | Device |   Up  |          Address           |      Mask     | Scope |     Hw-Address    |
[   26.089452] cloud-init[942]: ci-info: +--------+-------+----------------------------+---------------+-------+-------------------+
[   26.090603] cloud-init[942]: ci-info: | enp0s3 |  True |         10.0.2.15          | 255.255.255.0 |   .   | 02:c0:e2:3c:71:11 |
[[0;32m  OK  [0m] Reached target System Initialization.
[   26.091004] cloud-init[942]: ci-info: | enp0s3 |  True | fe80::c0:e2ff:fe3c:7111/64 |       .       |  link | 02:c0:e2:3c:71:11 |
[   26.413921] cloud-init[942]: ci-info: |   lo   |  True |         127.0.0.1          |   255.0.0.0   |   .   |         .         |
[[0;32m  OK  [0m] Listening on D-Bus System Message Bus Socket.
[[   26.414424] cloud-init[942]: ci-info: |   lo   |  True |          ::1/128           |       .       |  host |         .         |
[   26.444008] cloud-init[942]: ci-info: | enp0s8 | False |             .              |       .       |   .   | 08:00:27:eb:cc:9b |
[0;32m  OK  [0m] Started Timer to automatically refresh installed snaps.
[   26.444193] cloud-init[942]: ci-info: +--------+-------+----------------------------+---------------+-------+-------------------+
[   26.864909] cloud-init[942]: ci-info: +++++++++++++++++++++++++++Route IPv4 info++++++++++++++++++++++++++++
[   26.865919] cloud-init[942]: ci-info: +-------+-------------+----------+---------------+-----------+-------+
         Starting Socket activation for snappy daemon.
[[   26.866332] cloud-init[942]: ci-info: | Route | Destination | Gateway  |    Genmask    | Interface | Flags |
[   27.126442] cloud-init[942]: ci-info: +-------+-------------+----------+---------------+-----------+-------+
[   27.126840] cloud-init[942]: ci-info: |   0   |   0.0.0.0   | 10.0.2.2 |    0.0.0.0    |   enp0s3  |   UG  |
[0;32m  OK  [0m] Listening on UUID daemon activation socket.
[   27.127347] cloud-init[942]: ci-info: |   1   |   10.0.2.0  | 0.0.0.0  | 255.255.255.0 |   enp0s3  |   U   |
[   27.322934] cloud-init[942]: ci-info: +-------+-------------+----------+---------------+-----------+-------+
[   27.323363] cloud-init[942]: Generating public/private rsa key pair.
         Starting LXD - unix socket.
[   27.323478] cloud-init[942]: Your identification has been saved in /etc/ssh/ssh_host_rsa_key.
[   27.529379] cloud-init[942]: Your public key has been saved in /etc/ssh/ssh_host_rsa_key.pub.
[   27.529717] cloud-init[942]: The key fingerprint is:
[[0;32m  OK  [0m] Started ACPI Events Check.
[   27.529870] cloud-init[942]: SHA256:smC8Q09ADP2caXk4Y0BLu32GhnLYv8j+uLQA8xRl+x8 root@ubuntu-xenial
[   27.629646] cloud-init[942]: The key's randomart image is:
[[0;32m  OK  [0m] Reached target Paths.
[   27.629796] cloud-init[942]: +---[RSA 2048]----+
[   27.869908] cloud-init[942]: |  .=*            |
[   27.871421] cloud-init[942]: |   =++           |
[[0;32m  OK  [0m] Started Daily Cleanup of Temporary Directories.
[   27.872435] cloud-init[942]: |  . =+ =         |
[   28.027453] cloud-init[942]: |   = *%..        |
[[0;32m  OK  [0m] Listening on ACPID Listen Socket.
[   28.028444] cloud-init[942]: |o + XoB+E        |
[   28.175927] cloud-init[942]: | = = B * .       |
[[0;32m  OK  [0m] Reached target Network is Online.
[   28.176782] cloud-init[942]: |  o + + .        |
[   28.327952] cloud-init[942]: |   + = .         |
[[0;32m  OK  [0m] Started Daily apt download activities.
[   28.328811] cloud-init[942]: |   .Boo          |
[   28.451552] cloud-init[942]: +----[SHA256]-----+
[[0;32m  OK  [0m] Started Daily apt upgrade and clean activities.
[   28.452328] cloud-init[942]: Generating public/private dsa key pair.
[   28.583387] cloud-init[942]: Your identification has been saved in /etc/ssh/ssh_host_dsa_key.
[[0;32m  OK  [0m] Reached target Timers.
[   28.584058] cloud-init[942]: Your public key has been saved in /etc/ssh/ssh_host_dsa_key.pub.
[   28.644314] cloud-init[942]: The key fingerprint is:
         Starting iSCSI initiator daemon (iscsid)...
[   28.644849] cloud-init[942]: SHA256:jX4mBc00NkyEHIC1YXSveLbSE78i5eDPTChImYtQvFs root@ubuntu-xenial
[   28.749634] cloud-init[942]: The key's randomart image is:
[[0;32m  OK  [0m] Reached target Cloud-config availability.
[   28.749916] cloud-init[942]: +---[DSA 1024]----+
[   28.980327] cloud-init[942]: |     +*oo*B      |
[   28.980727] cloud-init[942]: | .  .. +o*.o     |
[[0;32m  OK  [0m] Listening on Socket activation for snappy daemon.
[   28.980928] cloud-init[942]: |  o   . . +      |
[   29.100101] cloud-init[942]: | . +   . =       |
[[0;32m  OK  [0m] Listening on LXD - unix socket.
[   29.100234] cloud-init[942]: |. = E . S o      |
[   29.155031] cloud-init[942]: |.o =  .*.=       |
[   29.169098] cloud-init[942]: |. + ..o+B +      |
[   29.173412] cloud-init[942]: |     .o=o= .     |
[   29.205325] cloud-init[942]: |       o+..      |
[   29.225104] cloud-init[942]: +----[SHA256]-----+
[   29.253217] cloud-init[942]: Generating public/private ecdsa key pair.
[   29.284325] cloud-init[942]: Your identification has been saved in /etc/ssh/ssh_host_ecdsa_key.
[[0;32m  OK  [0m] Started iSCSI initiator daemon (iscsid).
[   29.310493] cloud-init[942]: Your public key has been saved in /etc/ssh/ssh_host_ecdsa_key.pub.
[   29.337778] cloud-init[942]: The key fingerprint is:
[   29.364775] cloud-init[942]: SHA256:SUwVETo+F5olbM809pM6bckYGCYfmo5/H6mvBsPFFyc root@ubuntu-xenial
[   29.365190] cloud-init[942]: The key's randomart image is:
         Starting Login to default iSCSI targets...
[   29.367494] cloud-init[942]: +---[ECDSA 256]---+
[   29.428809] cloud-init[942]: |        ..=+     |
[[0;32m  OK  [0m] Reached target Sockets.
[[   29.428928] cloud-init[942]: |       + .E .    |
[   29.532932] cloud-init[942]: |      ..% *+     |
[0;32m  OK  [0m] Reached target Basic System.
[   29.533067] cloud-init[942]: |       Xo/.+ .   |
[   29.636595] cloud-init[942]: |     .o.S.= +    |
[   29.636940] cloud-init[942]: |     o+  o B o   |
[[0;32m  OK  [0m] Started Deferred execution scheduler.
[   29.637136] cloud-init[942]: |    . .o  * =    |
[   29.668904] cloud-init[942]: |     .  o. +     |
[   29.677482] cloud-init[942]: |      .oo+o      |
[   29.677845] cloud-init[942]: +----[SHA256]-----+
[   29.678003] cloud-init[942]: Generating public/private ed25519 key pair.
[   29.678172] cloud-init[942]: Your identification has been saved in /etc/ssh/ssh_host_ed25519_key.
[   29.678361] cloud-init[942]: Your public key has been saved in /etc/ssh/ssh_host_ed25519_key.pub.
[   29.678532] cloud-init[942]: The key fingerprint is:
[   29.678700] cloud-init[942]: SHA256:MTxC/G9KC4mhyTMevgntEvlkFKr6lGjS98hbGYZFsiA root@ubuntu-xenial
[   29.678891] cloud-init[942]: The key's randomart image is:
[   29.679057] cloud-init[942]: +--[ED25519 256]--+
[   29.679227] cloud-init[942]: |E . ..o          |
[   29.679418] cloud-init[942]: | ... =..         |
[   29.679765] cloud-init[942]: | . .. o.=        |
[   29.679948] cloud-init[942]: |. . .o ..+       |
[   29.680304] cloud-init[942]: |.+ o.oo.S.       |
[   29.680476] cloud-init[942]: |++X...oo. o      |
[   29.680642] cloud-init[942]: |=O=+. oo +       |
[   29.680809] cloud-init[942]: |=+++ +  o        |
[   29.681317] cloud-init[942]: | o=.+..          |
[   29.681416] cloud-init[942]: +----[SHA256]-----+
[[0;32m  OK  [0m] Started ACPI event daemon.
         Starting System Logging Service...
         Starting LSB: Record successful boot for GRUB...
[[0;32m  OK  [0m] Started FUSE filesystem for LXC.
         Starting /etc/rc.local Compatibility...
         Starting LSB: MD monitoring daemon...
         Starting Login Service...
         Starting Apply the settings specified in cloud-config...
[[0;32m  OK  [0m] Started Unattended Upgrades Shutdown.
         Starting Pollinate to seed the pseudo random number generator...
         Starting LXD - container startup/shutdown...
         Starting Accounts Service...
[[0;32m  OK  [0m] Started D-Bus System Message Bus.
[[0;32m  OK  [0m] Started Regular background program processing daemon.
[[0;32m  OK  [0m] Started Snappy daemon.
         Starting Auto import assertions from block devices...
[[0;32m  OK  [0m] Started System Logging Service.
[[0;32m  OK  [0m] Started /etc/rc.local Compatibility.
[[0;32m  OK  [0m] Started LXD - container startup/shutdown.
[[0;32m  OK  [0m] Started Auto import assertions from block devices.
[[0;32m  OK  [0m] Started LSB: Record successful boot for GRUB.
[[0;32m  OK  [0m] Started Login to default iSCSI targets.
[[0;32m  OK  [0m] Started LSB: MD monitoring daemon.
[[0;32m  OK  [0m] Started Login Service.
         Starting Authenticate and Authorize Users to Run Privileged Tasks...
[[0;32m  OK  [0m] Reached target Remote File Systems (Pre).
[[0;32m  OK  [0m] Reached target Remote File Systems.
         Starting LSB: VirtualBox Linux Additions...
[   30.607995] cloud-init[1070]: Generating locales (this might take a while)...
         Starting LSB: automatic crash report generation...
         Starting Permit User Sessions...
         Starting LSB: daemon to balance interrupts for SMP systems...
         Starting LSB: Set the CPU Frequency Scaling governor to "ondemand"...
[[0;32m  OK  [0m] Started Pollinate to seed the pseudo random number generator.
[[0;32m  OK  [0m] Started Permit User Sessions.
[[0;32m  OK  [0m] Started Authenticate and Authorize Users to Run Privileged Tasks.
[[0;32m  OK  [0m] Started Accounts Service.
[[0;32m  OK  [0m] Started LSB: automatic crash report generation.
         Starting Hold until boot process finishes up...
         Starting Terminate Plymouth Boot Screen...
         Starting OpenBSD Secure Shell server...
[[0;32m  OK  [0m] Started OpenBSD Secure Shell server.
[[0;32m  OK  [0m] Started LSB: VirtualBox Linux Additions.
[[0;32m  OK  [0m] Started LSB: daemon to balance interrupts for SMP systems.
[[0;32m  OK  [0m] Started Hold until boot process finishes up.
[[0;32m  OK  [0m] Started Terminate Plymouth Boot Screen.
[[0;32m  OK  [0m] Started LSB: Set the CPU Frequency Scaling governor to "ondemand".
         Starting Set console scheme...
[[0;32m  OK  [0m] Started Serial Getty on ttyS0.
[[0;32m  OK  [0m] Started Getty on tty1.
[[0;32m  OK  [0m] Reached target Login Prompts.
[[0;32m  OK  [0m] Reached target Multi-User System.
[[0;32m  OK  [0m] Reached target Graphical Interface.
         Starting Update UTMP about System Runlevel Changes...
[[0;32m  OK  [0m] Started Set console scheme.
[[0;32m  OK  [0m] Started Update UTMP about System Runlevel Changes.
[   31.748563] cloud-init[1070]:   en_US.UTF-8... done
[   31.779120] cloud-init[1070]: Generation complete.
         Stopping OpenBSD Secure Shell server...
[[0;32m  OK  [0m] Stopped OpenBSD Secure Shell server.
         Starting OpenBSD Secure Shell server...
[[0;32m  OK  [0m] Started OpenBSD Secure Shell server.
[   32.180124] cloud-init[1070]: Cloud-init v. 0.7.9 running 'modules:config' at Sat, 19 Aug 2017 06:40:51 +0000. Up 30.44 seconds.
[[0;32m  OK  [0m] Started Apply the settings specified in cloud-config.
         Starting Execute cloud user/final scripts...
ci-info: no authorized ssh keys fingerprints found for user ubuntu.
<14>Aug 19 06:40:54 ec2: 
<14>Aug 19 06:40:54 ec2: #############################################################
<14>Aug 19 06:40:54 ec2: -----BEGIN SSH HOST KEY FINGERPRINTS-----
<14>Aug 19 06:40:54 ec2: 1024 SHA256:jX4mBc00NkyEHIC1YXSveLbSE78i5eDPTChImYtQvFs root@ubuntu-xenial (DSA)
<14>Aug 19 06:40:54 ec2: 256 SHA256:SUwVETo+F5olbM809pM6bckYGCYfmo5/H6mvBsPFFyc root@ubuntu-xenial (ECDSA)
<14>Aug 19 06:40:54 ec2: 256 SHA256:MTxC/G9KC4mhyTMevgntEvlkFKr6lGjS98hbGYZFsiA root@ubuntu-xenial (ED25519)
<14>Aug 19 06:40:54 ec2: 2048 SHA256:smC8Q09ADP2caXk4Y0BLu32GhnLYv8j+uLQA8xRl+x8 root@ubuntu-xenial (RSA)
<14>Aug 19 06:40:54 ec2: -----END SSH HOST KEY FINGERPRINTS-----
<14>Aug 19 06:40:54 ec2: #############################################################
-----BEGIN SSH HOST KEY KEYS-----
ecdsa-sha2-nistp256 AAAAE2VjZHNhLXNoYTItbmlzdHAyNTYAAAAIbmlzdHAyNTYAAABBBLeQuVCZyJ8DU2zVOkJ/wI1aYLyPmZaI//U2XUtEyaMcD/FVZZYIRS1Wjua+UFip41Z5yQJMZPz0hPGAFP2E5dA= root@ubuntu-xenial
ssh-ed25519 AAAAC3NzaC1lZDI1NTE5AAAAIOIuwLQ/slC+4l5ZGNFGlkwKxDgAqOBsnJb28yg0blYY root@ubuntu-xenial
ssh-rsa AAAAB3NzaC1yc2EAAAADAQABAAABAQCgmV5xxsW/bmi679N6fgbQeUPaBNvgEJ2+JznckYhWM6aJe2Nva0GASaaZqbDmpA79I9D/so70pSpEIYLJgiKPjHk6FbtZ0mGt04XHgbrLJMRKXWkSLjG2B5nhhFmpf94cmF/meJnQjPy7pQSN527Jm6M1Wad2pWsIdX42JdEDf3Y0qi9/VnZhqQAXGdSz//Ax7qnUfvKIaNOAFVAAvBB3p0HjD0lzdEuLBD3p19mA1UM5EAgB5F6GI1f72Ioxkn4a8NTYklKIf2TLVlN5x4Uv2S2rJ04WtiYNpJ5mKznNxtm3RHb48n8GNJcjXMYuAmtpt85aqhePsmNx1l8BQpwp root@ubuntu-xenial
-----END SSH HOST KEY KEYS-----
[   33.297900] cloud-init[1309]: Cloud-init v. 0.7.9 running 'modules:final' at Sat, 19 Aug 2017 06:40:53 +0000. Up 32.67 seconds.
[[0;32m  OK  [0m] Started Execute cloud user/final scripts.
[   33.362587] cloud-init[1309]: ci-info: no authorized ssh keys fingerprints found for user ubuntu.
[   33.458933] cloud-init[1309]: Cloud-init v. 0.7.9 finished at Sat, 19 Aug 2017 06:40:54 +0000. Datasource DataSourceNoCloud [seed=/dev/sdb][dsmode=net].  Up 33.29 seconds
[[0;32m  OK  [0m] Reached target Cloud-init target.

Ubuntu 16.04.3 LTS ubuntu-xenial ttyS0

ubuntu-xenial login: 